../Core/Src/main.c:69:6:HAL_TIM_IC_CaptureCallback	16	static
../Core/Src/main.c:79:6:_delay	16	static
../Core/Src/main.c:86:6:SR04_Start	8	static
../Core/Src/main.c:99:5:main	16	static
../Core/Src/main.c:159:6:SystemClock_Config	72	static
../Core/Src/main.c:199:13:MX_TIM1_Init	48	static
../Core/Src/main.c:263:13:MX_TIM3_Init	32	static
../Core/Src/main.c:306:13:MX_DMA_Init	16	static
../Core/Src/main.c:327:13:MX_GPIO_Init	40	static
../Core/Src/main.c:367:6:Error_Handler	4	static,ignoring_inline_asm
